This is pdfTeX, Version 3.141592653-2.6-1.40.27 (TeX Live 2025) (preloaded format=pdflatex 2025.3.8)  9 MAY 2026 19:18
entering extended mode
 restricted \write18 enabled.
 file:line:error style messages enabled.
 %&-line parsing enabled.
**/Users/ruben/Desktop/Thesis/Code/Datamaraws_Manuscript/main.tex
(/Users/ruben/Desktop/Thesis/Code/Datamaraws_Manuscript/main.tex
LaTeX2e <2024-11-01> patch level 2
L3 programming layer <2025-01-18>
(/usr/local/texlive/2025basic/texmf-dist/tex/latex/base/article.cls
Document Class: article 2024/06/29 v1.4n Standard LaTeX document class
(/usr/local/texlive/2025basic/texmf-dist/tex/latex/base/size12.clo
File: size12.clo 2024/06/29 v1.4n Standard LaTeX file (size option)
)
\c@part=\count196
\c@section=\count197
\c@subsection=\count198
\c@subsubsection=\count199
\c@paragraph=\count266
\c@subparagraph=\count267
\c@figure=\count268
\c@table=\count269
\abovecaptionskip=\skip49
\belowcaptionskip=\skip50
\bibindent=\dimen141
) (/usr/local/texlive/2025basic/texmf-dist/tex/latex/graphics/graphicx.sty
Package: graphicx 2021/09/16 v1.2d Enhanced LaTeX Graphics (DPC,SPQR)
 (/usr/local/texlive/2025basic/texmf-dist/tex/latex/graphics/keyval.sty
Package: keyval 2022/05/29 v1.15 key=value parser (DPC)
\KV@toks@=\toks17
) (/usr/local/texlive/2025basic/texmf-dist/tex/latex/graphics/graphics.sty
Package: graphics 2024/08/06 v1.4g Standard LaTeX Graphics (DPC,SPQR)
 (/usr/local/texlive/2025basic/texmf-dist/tex/latex/graphics/trig.sty
Package: trig 2023/12/02 v1.11 sin cos tan (DPC)
) (/usr/local/texlive/2025basic/texmf-dist/tex/latex/graphics-cfg/graphics.cfg
File: graphics.cfg 2016/06/04 v1.11 sample graphics configuration
)
Package graphics Info: Driver file: pdftex.def on input line 106.
 (/usr/local/texlive/2025basic/texmf-dist/tex/latex/graphics-def/pdftex.def
File: pdftex.def 2024/04/13 v1.2c Graphics/color driver for pdftex
))
\Gin@req@height=\dimen142
\Gin@req@width=\dimen143
) (/usr/local/texlive/2025basic/texmf-dist/tex/latex/psnfss/mathptmx.sty
Package: mathptmx 2020/03/25 PSNFSS-v9.3 Times w/ Math, improved (SPQR, WaS) 
LaTeX Font Info:    Redeclaring symbol font `operators' on input line 28.
LaTeX Font Info:    Overwriting symbol font `operators' in version `normal'
(Font)                  OT1/cmr/m/n --> OT1/ztmcm/m/n on input line 28.
LaTeX Font Info:    Overwriting symbol font `operators' in version `bold'
(Font)                  OT1/cmr/bx/n --> OT1/ztmcm/m/n on input line 28.
LaTeX Font Info:    Redeclaring symbol font `letters' on input line 29.
LaTeX Font Info:    Overwriting symbol font `letters' in version `normal'
(Font)                  OML/cmm/m/it --> OML/ztmcm/m/it on input line 29.
LaTeX Font Info:    Overwriting symbol font `letters' in version `bold'
(Font)                  OML/cmm/b/it --> OML/ztmcm/m/it on input line 29.
LaTeX Font Info:    Redeclaring symbol font `symbols' on input line 30.
LaTeX Font Info:    Overwriting symbol font `symbols' in version `normal'
(Font)                  OMS/cmsy/m/n --> OMS/ztmcm/m/n on input line 30.
LaTeX Font Info:    Overwriting symbol font `symbols' in version `bold'
(Font)                  OMS/cmsy/b/n --> OMS/ztmcm/m/n on input line 30.
LaTeX Font Info:    Redeclaring symbol font `largesymbols' on input line 31.
LaTeX Font Info:    Overwriting symbol font `largesymbols' in version `normal'
(Font)                  OMX/cmex/m/n --> OMX/ztmcm/m/n on input line 31.
LaTeX Font Info:    Overwriting symbol font `largesymbols' in version `bold'
(Font)                  OMX/cmex/m/n --> OMX/ztmcm/m/n on input line 31.
\symbold=\mathgroup4
\symitalic=\mathgroup5
LaTeX Font Info:    Redeclaring math alphabet \mathbf on input line 34.
LaTeX Font Info:    Overwriting math alphabet `\mathbf' in version `normal'
(Font)                  OT1/cmr/bx/n --> OT1/ptm/bx/n on input line 34.
LaTeX Font Info:    Overwriting math alphabet `\mathbf' in version `bold'
(Font)                  OT1/cmr/bx/n --> OT1/ptm/bx/n on input line 34.
LaTeX Font Info:    Redeclaring math alphabet \mathit on input line 35.
LaTeX Font Info:    Overwriting math alphabet `\mathit' in version `normal'
(Font)                  OT1/cmr/m/it --> OT1/ptm/m/it on input line 35.
LaTeX Font Info:    Overwriting math alphabet `\mathit' in version `bold'
(Font)                  OT1/cmr/bx/it --> OT1/ptm/m/it on input line 35.
LaTeX Info: Redefining \hbar on input line 50.
) (/usr/local/texlive/2025basic/texmf-dist/tex/latex/geometry/geometry.sty
Package: geometry 2020/01/02 v5.9 Page Geometry
 (/usr/local/texlive/2025basic/texmf-dist/tex/generic/iftex/ifvtex.sty
Package: ifvtex 2019/10/25 v1.7 ifvtex legacy package. Use iftex instead.
 (/usr/local/texlive/2025basic/texmf-dist/tex/generic/iftex/iftex.sty
Package: iftex 2024/12/12 v1.0g TeX engine tests
))
\Gm@cnth=\count270
\Gm@cntv=\count271
\c@Gm@tempcnt=\count272
\Gm@bindingoffset=\dimen144
\Gm@wd@mp=\dimen145
\Gm@odd@mp=\dimen146
\Gm@even@mp=\dimen147
\Gm@layoutwidth=\dimen148
\Gm@layoutheight=\dimen149
\Gm@layouthoffset=\dimen150
\Gm@layoutvoffset=\dimen151
\Gm@dimlist=\toks18
) (/usr/local/texlive/2025basic/texmf-dist/tex/latex/titlesec/titlesec.sty
Package: titlesec 2025/01/04 v2.17 Sectioning titles
\ttl@box=\box52
\beforetitleunit=\skip51
\aftertitleunit=\skip52
\ttl@plus=\dimen152
\ttl@minus=\dimen153
\ttl@toksa=\toks19
\titlewidth=\dimen154
\titlewidthlast=\dimen155
\titlewidthfirst=\dimen156
) (/usr/local/texlive/2025basic/texmf-dist/tex/latex/changepage/changepage.sty
Package: changepage 2009/10/20 v1.0c check page and change page layout
\c@cp@cntr=\count273
\cp@tempcnt=\count274
) (/usr/local/texlive/2025basic/texmf-dist/tex/latex/float/float.sty
Package: float 2001/11/08 v1.3d Float enhancements (AL)
\c@float@type=\count275
\float@exts=\toks20
\float@box=\box53
\@float@everytoks=\toks21
\@floatcapt=\box54
) (/usr/local/texlive/2025basic/texmf-dist/tex/latex/hyperref/hyperref.sty
Package: hyperref 2024-11-05 v7.01l Hypertext links for LaTeX
 (/usr/local/texlive/2025basic/texmf-dist/tex/latex/kvsetkeys/kvsetkeys.sty
Package: kvsetkeys 2022-10-05 v1.19 Key value parser (HO)
) (/usr/local/texlive/2025basic/texmf-dist/tex/generic/kvdefinekeys/kvdefinekeys.sty
Package: kvdefinekeys 2019-12-19 v1.6 Define keys (HO)
) (/usr/local/texlive/2025basic/texmf-dist/tex/generic/pdfescape/pdfescape.sty
Package: pdfescape 2019/12/09 v1.15 Implements pdfTeX's escape features (HO)
 (/usr/local/texlive/2025basic/texmf-dist/tex/generic/ltxcmds/ltxcmds.sty
Package: ltxcmds 2023-12-04 v1.26 LaTeX kernel commands for general use (HO)
) (/usr/local/texlive/2025basic/texmf-dist/tex/generic/pdftexcmds/pdftexcmds.sty
Package: pdftexcmds 2020-06-27 v0.33 Utility functions of pdfTeX for LuaTeX (HO)
 (/usr/local/texlive/2025basic/texmf-dist/tex/generic/infwarerr/infwarerr.sty
Package: infwarerr 2019/12/03 v1.5 Providing info/warning/error messages (HO)
)
Package pdftexcmds Info: \pdf@primitive is available.
Package pdftexcmds Info: \pdf@ifprimitive is available.
Package pdftexcmds Info: \pdfdraftmode found.
)) (/usr/local/texlive/2025basic/texmf-dist/tex/latex/hycolor/hycolor.sty
Package: hycolor 2020-01-27 v1.10 Color options for hyperref/bookmark (HO)
) (/usr/local/texlive/2025basic/texmf-dist/tex/latex/hyperref/nameref.sty
Package: nameref 2023-11-26 v2.56 Cross-referencing by name of section
 (/usr/local/texlive/2025basic/texmf-dist/tex/latex/refcount/refcount.sty
Package: refcount 2019/12/15 v3.6 Data extraction from label references (HO)
) (/usr/local/texlive/2025basic/texmf-dist/tex/generic/gettitlestring/gettitlestring.sty
Package: gettitlestring 2019/12/15 v1.6 Cleanup title references (HO)
 (/usr/local/texlive/2025basic/texmf-dist/tex/latex/kvoptions/kvoptions.sty
Package: kvoptions 2022-06-15 v3.15 Key value format for package options (HO)
))
\c@section@level=\count276
) (/usr/local/texlive/2025basic/texmf-dist/tex/latex/etoolbox/etoolbox.sty
Package: etoolbox 2025/02/11 v2.5l e-TeX tools for LaTeX (JAW)
\etb@tempcnta=\count277
) (/usr/local/texlive/2025basic/texmf-dist/tex/generic/stringenc/stringenc.sty
Package: stringenc 2019/11/29 v1.12 Convert strings between diff. encodings (HO)
)
\@linkdim=\dimen157
\Hy@linkcounter=\count278
\Hy@pagecounter=\count279
 (/usr/local/texlive/2025basic/texmf-dist/tex/latex/hyperref/pd1enc.def
File: pd1enc.def 2024-11-05 v7.01l Hyperref: PDFDocEncoding definition (HO)
Now handling font encoding PD1 ...
... no UTF-8 mapping file for font encoding PD1
) (/usr/local/texlive/2025basic/texmf-dist/tex/generic/intcalc/intcalc.sty
Package: intcalc 2019/12/15 v1.3 Expandable calculations with integers (HO)
)
\Hy@SavedSpaceFactor=\count280
 (/usr/local/texlive/2025basic/texmf-dist/tex/latex/hyperref/puenc.def
File: puenc.def 2024-11-05 v7.01l Hyperref: PDF Unicode definition (HO)
Now handling font encoding PU ...
... no UTF-8 mapping file for font encoding PU
)
Package hyperref Info: Hyper figures OFF on input line 4157.
Package hyperref Info: Link nesting OFF on input line 4162.
Package hyperref Info: Hyper index ON on input line 4165.
Package hyperref Info: Plain pages OFF on input line 4172.
Package hyperref Info: Backreferencing OFF on input line 4177.
Package hyperref Info: Implicit mode ON; LaTeX internals redefined.
Package hyperref Info: Bookmarks ON on input line 4424.
\c@Hy@tempcnt=\count281
 (/usr/local/texlive/2025basic/texmf-dist/tex/latex/url/url.sty
\Urlmuskip=\muskip17
Package: url 2013/09/16  ver 3.4  Verb mode for urls, etc.
)
LaTeX Info: Redefining \url on input line 4763.
\XeTeXLinkMargin=\dimen158
 (/usr/local/texlive/2025basic/texmf-dist/tex/generic/bitset/bitset.sty
Package: bitset 2019/12/09 v1.3 Handle bit-vector datatype (HO)
 (/usr/local/texlive/2025basic/texmf-dist/tex/generic/bigintcalc/bigintcalc.sty
Package: bigintcalc 2019/12/15 v1.5 Expandable calculations on big integers (HO)
))
\Fld@menulength=\count282
\Field@Width=\dimen159
\Fld@charsize=\dimen160
Package hyperref Info: Hyper figures OFF on input line 6042.
Package hyperref Info: Link nesting OFF on input line 6047.
Package hyperref Info: Hyper index ON on input line 6050.
Package hyperref Info: backreferencing OFF on input line 6057.
Package hyperref Info: Link coloring OFF on input line 6062.
Package hyperref Info: Link coloring with OCG OFF on input line 6067.
Package hyperref Info: PDF/A mode OFF on input line 6072.
 (/usr/local/texlive/2025basic/texmf-dist/tex/latex/base/atbegshi-ltx.sty
Package: atbegshi-ltx 2021/01/10 v1.0c Emulation of the original atbegshi
package with kernel methods
)
\Hy@abspage=\count283
\c@Item=\count284
\c@Hfootnote=\count285
)
Package hyperref Info: Driver (autodetected): hpdftex.
 (/usr/local/texlive/2025basic/texmf-dist/tex/latex/hyperref/hpdftex.def
File: hpdftex.def 2024-11-05 v7.01l Hyperref driver for pdfTeX
 (/usr/local/texlive/2025basic/texmf-dist/tex/latex/base/atveryend-ltx.sty
Package: atveryend-ltx 2020/08/19 v1.0a Emulation of the original atveryend package
with kernel methods
)
\Fld@listcount=\count286
\c@bookmark@seq@number=\count287
 (/usr/local/texlive/2025basic/texmf-dist/tex/latex/rerunfilecheck/rerunfilecheck.sty
Package: rerunfilecheck 2022-07-10 v1.10 Rerun checks for auxiliary files (HO)
 (/usr/local/texlive/2025basic/texmf-dist/tex/generic/uniquecounter/uniquecounter.sty
Package: uniquecounter 2019/12/15 v1.4 Provide unlimited unique counter (HO)
)
Package uniquecounter Info: New unique counter `rerunfilecheck' on input line 285.
)
\Hy@SectionHShift=\skip53
) (/usr/local/texlive/2025basic/texmf-dist/tex/latex/tools/tabularx.sty
Package: tabularx 2023/12/11 v2.12a `tabularx' package (DPC)
 (/usr/local/texlive/2025basic/texmf-dist/tex/latex/tools/array.sty
Package: array 2024/10/17 v2.6g Tabular extension package (FMi)
\col@sep=\dimen161
\ar@mcellbox=\box55
\extrarowheight=\dimen162
\NC@list=\toks22
\extratabsurround=\skip54
\backup@length=\skip55
\ar@cellbox=\box56
)
\TX@col@width=\dimen163
\TX@old@table=\dimen164
\TX@old@col=\dimen165
\TX@target=\dimen166
\TX@delta=\dimen167
\TX@cols=\count288
\TX@ftn=\toks23
) (/usr/local/texlive/2025basic/texmf-dist/tex/latex/xcolor/xcolor.sty
Package: xcolor 2024/09/29 v3.02 LaTeX color extensions (UK)
 (/usr/local/texlive/2025basic/texmf-dist/tex/latex/graphics-cfg/color.cfg
File: color.cfg 2016/01/02 v1.6 sample color configuration
)
Package xcolor Info: Driver file: pdftex.def on input line 274.
 (/usr/local/texlive/2025basic/texmf-dist/tex/latex/graphics/mathcolor.ltx)
Package xcolor Info: Model `cmy' substituted by `cmy0' on input line 1349.
Package xcolor Info: Model `hsb' substituted by `rgb' on input line 1353.
Package xcolor Info: Model `RGB' extended on input line 1365.
Package xcolor Info: Model `HTML' substituted by `rgb' on input line 1367.
Package xcolor Info: Model `Hsb' substituted by `hsb' on input line 1368.
Package xcolor Info: Model `tHsb' substituted by `hsb' on input line 1369.
Package xcolor Info: Model `HSB' substituted by `hsb' on input line 1370.
Package xcolor Info: Model `Gray' substituted by `gray' on input line 1371.
Package xcolor Info: Model `wave' substituted by `hsb' on input line 1372.
) (/usr/local/texlive/2025basic/texmf-dist/tex/latex/colortbl/colortbl.sty
Package: colortbl 2024/07/06 v1.0i Color table columns (DPC)
\everycr=\toks24
\minrowclearance=\skip56
\rownum=\count289
) (/usr/local/texlive/2025basic/texmf-dist/tex/latex/csquotes/csquotes.sty
Package: csquotes 2024-04-04 v5.2o context-sensitive quotations (JAW)
\csq@reset=\count290
\csq@gtype=\count291
\csq@glevel=\count292
\csq@qlevel=\count293
\csq@maxlvl=\count294
\csq@tshold=\count295
\csq@ltx@everypar=\toks25
 (/usr/local/texlive/2025basic/texmf-dist/tex/latex/csquotes/csquotes.def
File: csquotes.def 2024-04-04 v5.2o csquotes generic definitions (JAW)
)
Package csquotes Info: Trying to load configuration file 'csquotes.cfg'...
Package csquotes Info: ... configuration file loaded successfully.
 (/usr/local/texlive/2025basic/texmf-dist/tex/latex/csquotes/csquotes.cfg
File: csquotes.cfg 
))
Package csquotes Info: Allocating character ".
 (/usr/local/texlive/2025basic/texmf-dist/tex/latex/setspace/setspace.sty
Package: setspace 2022/12/04 v6.7b set line spacing
) (/usr/local/texlive/2025basic/texmf-dist/tex/latex/ragged2e/ragged2e.sty
Package: ragged2e 2023/06/22 v3.6 ragged2e Package
\CenteringLeftskip=\skip57
\RaggedLeftLeftskip=\skip58
\RaggedRightLeftskip=\skip59
\CenteringRightskip=\skip60
\RaggedLeftRightskip=\skip61
\RaggedRightRightskip=\skip62
\CenteringParfillskip=\skip63
\RaggedLeftParfillskip=\skip64
\RaggedRightParfillskip=\skip65
\JustifyingParfillskip=\skip66
\CenteringParindent=\skip67
\RaggedLeftParindent=\skip68
\RaggedRightParindent=\skip69
\JustifyingParindent=\skip70
) (/usr/local/texlive/2025basic/texmf-dist/tex/latex/enumitem/enumitem.sty
Package: enumitem 2025/02/06 v3.11 Customized lists
\labelindent=\skip71
\enit@outerparindent=\dimen168
\enit@toks=\toks26
\enit@inbox=\box57
\enit@count@id=\count296
\enitdp@description=\count297
) (/usr/local/texlive/2025basic/texmf-dist/tex/latex/amsmath/amsmath.sty
Package: amsmath 2024/11/05 v2.17t AMS math features
\@mathmargin=\skip72

For additional information on amsmath, use the `?' option.
(/usr/local/texlive/2025basic/texmf-dist/tex/latex/amsmath/amstext.sty
Package: amstext 2021/08/26 v2.01 AMS text
 (/usr/local/texlive/2025basic/texmf-dist/tex/latex/amsmath/amsgen.sty
File: amsgen.sty 1999/11/30 v2.0 generic functions
\@emptytoks=\toks27
\ex@=\dimen169
)) (/usr/local/texlive/2025basic/texmf-dist/tex/latex/amsmath/amsbsy.sty
Package: amsbsy 1999/11/29 v1.2d Bold Symbols
\pmbraise@=\dimen170
) (/usr/local/texlive/2025basic/texmf-dist/tex/latex/amsmath/amsopn.sty
Package: amsopn 2022/04/08 v2.04 operator names
)
\inf@bad=\count298
LaTeX Info: Redefining \frac on input line 233.
\uproot@=\count299
\leftroot@=\count300
LaTeX Info: Redefining \overline on input line 398.
LaTeX Info: Redefining \colon on input line 409.
\classnum@=\count301
\DOTSCASE@=\count302
LaTeX Info: Redefining \ldots on input line 495.
LaTeX Info: Redefining \dots on input line 498.
LaTeX Info: Redefining \cdots on input line 619.
\Mathstrutbox@=\box58
\strutbox@=\box59
LaTeX Info: Redefining \big on input line 721.
LaTeX Info: Redefining \Big on input line 722.
LaTeX Info: Redefining \bigg on input line 723.
LaTeX Info: Redefining \Bigg on input line 724.
\big@size=\dimen171
LaTeX Font Info:    Redeclaring font encoding OML on input line 742.
LaTeX Font Info:    Redeclaring font encoding OMS on input line 743.
\macc@depth=\count303
LaTeX Info: Redefining \bmod on input line 904.
LaTeX Info: Redefining \pmod on input line 909.
LaTeX Info: Redefining \smash on input line 939.
LaTeX Info: Redefining \relbar on input line 969.
LaTeX Info: Redefining \Relbar on input line 970.
\c@MaxMatrixCols=\count304
\dotsspace@=\muskip18
\c@parentequation=\count305
\dspbrk@lvl=\count306
\tag@help=\toks28
\row@=\count307
\column@=\count308
\maxfields@=\count309
\andhelp@=\toks29
\eqnshift@=\dimen172
\alignsep@=\dimen173
\tagshift@=\dimen174
\tagwidth@=\dimen175
\totwidth@=\dimen176
\lineht@=\dimen177
\@envbody=\toks30
\multlinegap=\skip73
\multlinetaggap=\skip74
\mathdisplay@stack=\toks31
LaTeX Info: Redefining \[ on input line 2953.
LaTeX Info: Redefining \] on input line 2954.
) (/usr/local/texlive/2025basic/texmf-dist/tex/latex/caption/subcaption.sty
Package: subcaption 2023/07/28 v1.6b Sub-captions (AR)
 (/usr/local/texlive/2025basic/texmf-dist/tex/latex/caption/caption.sty
Package: caption 2023/08/05 v3.6o Customizing captions (AR)
 (/usr/local/texlive/2025basic/texmf-dist/tex/latex/caption/caption3.sty
Package: caption3 2023/07/31 v2.4d caption3 kernel (AR)
\caption@tempdima=\dimen178
\captionmargin=\dimen179
\caption@leftmargin=\dimen180
\caption@rightmargin=\dimen181
\caption@width=\dimen182
\caption@indent=\dimen183
\caption@parindent=\dimen184
\caption@hangindent=\dimen185
Package caption Info: Standard document class detected.
)
\c@caption@flags=\count310
\c@continuedfloat=\count311
Package caption Info: changepage package is loaded.
\caption@adjustwidth@hsize=\dimen186
\caption@adjustwidth@linewidth=\dimen187
Package caption Info: float package is loaded.
Package caption Info: hyperref package is loaded.
)
Package caption Info: New subtype `subfigure' on input line 238.
\c@subfigure=\count312
Package caption Info: New subtype `subtable' on input line 238.
\c@subtable=\count313
) (/usr/local/texlive/2025basic/texmf-dist/tex/latex/biblatex/biblatex.sty
Package: biblatex 2025/07/10 v3.21 programmable bibliographies (PK/MW)
 (/usr/local/texlive/2025basic/texmf-dist/tex/latex/logreq/logreq.sty
Package: logreq 2010/08/04 v1.0 xml request logger
\lrq@indent=\count314
 (/usr/local/texlive/2025basic/texmf-dist/tex/latex/logreq/logreq.def
File: logreq.def 2010/08/04 v1.0 logreq spec v1.0
)) (/usr/local/texlive/2025basic/texmf-dist/tex/latex/base/ifthen.sty
Package: ifthen 2024/03/16 v1.1e Standard LaTeX ifthen package (DPC)
)
\c@tabx@nest=\count315
\c@listtotal=\count316
\c@listcount=\count317
\c@liststart=\count318
\c@liststop=\count319
\c@citecount=\count320
\c@citetotal=\count321
\c@multicitecount=\count322
\c@multicitetotal=\count323
\c@instcount=\count324
\c@maxnames=\count325
\c@minnames=\count326
\c@maxitems=\count327
\c@minitems=\count328
\c@citecounter=\count329
\c@maxcitecounter=\count330
\c@savedcitecounter=\count331
\c@uniquelist=\count332
\c@uniquename=\count333
\c@refsection=\count334
\c@refsegment=\count335
\c@maxextratitle=\count336
\c@maxextratitleyear=\count337
\c@maxextraname=\count338
\c@maxextradate=\count339
\c@maxextraalpha=\count340
\c@abbrvpenalty=\count341
\c@highnamepenalty=\count342
\c@lownamepenalty=\count343
\c@maxparens=\count344
\c@parenlevel=\count345
\blx@tempcnta=\count346
\blx@tempcntb=\count347
\blx@tempcntc=\count348
\c@blx@maxsection=\count349
\blx@maxsegment@0=\count350
\blx@notetype=\count351
\blx@parenlevel@text=\count352
\blx@parenlevel@foot=\count353
\blx@sectionciteorder@0=\count354
\blx@sectionciteorderinternal@0=\count355
\blx@entrysetcounter=\count356
\blx@biblioinstance=\count357
\labelnumberwidth=\skip75
\labelalphawidth=\skip76
\biblabelsep=\skip77
\bibitemsep=\skip78
\bibnamesep=\skip79
\bibinitsep=\skip80
\bibparsep=\skip81
\bibhang=\skip82
\blx@bcfin=\read2
\blx@bcfout=\write3
\blx@langwohyphens=\language23
\c@mincomprange=\count358
\c@maxcomprange=\count359
\c@mincompwidth=\count360
Package biblatex Info: Trying to load biblatex default data model...
Package biblatex Info: ... file 'blx-dm.def' found.
 (/usr/local/texlive/2025basic/texmf-dist/tex/latex/biblatex/blx-dm.def
File: blx-dm.def 2025/07/10 v3.21 biblatex datamodel (PK/MW)
)
Package biblatex Info: Trying to load biblatex style data model...
Package biblatex Info: ... file 'apa.dbx' found.
 (/usr/local/texlive/2025basic/texmf-dist/tex/latex/biblatex-apa/apa.dbx
File: apa.dbx 2025/08/27 v9.20 APA biblatex style data model
)
Package biblatex Info: Trying to load biblatex custom data model...
Package biblatex Info: ... file 'biblatex-dm.cfg' not found.
\c@afterword=\count361
\c@savedafterword=\count362
\c@annotator=\count363
\c@savedannotator=\count364
\c@author=\count365
\c@savedauthor=\count366
\c@bookauthor=\count367
\c@savedbookauthor=\count368
\c@commentator=\count369
\c@savedcommentator=\count370
\c@editor=\count371
\c@savededitor=\count372
\c@editora=\count373
\c@savededitora=\count374
\c@editorb=\count375
\c@savededitorb=\count376
\c@editorc=\count377
\c@savededitorc=\count378
\c@foreword=\count379
\c@savedforeword=\count380
\c@holder=\count381
\c@savedholder=\count382
\c@introduction=\count383
\c@savedintroduction=\count384
\c@namea=\count385
\c@savednamea=\count386
\c@nameb=\count387
\c@savednameb=\count388
\c@namec=\count389
\c@savednamec=\count390
\c@translator=\count391
\c@savedtranslator=\count392
\c@shortauthor=\count393
\c@savedshortauthor=\count394
\c@shorteditor=\count395
\c@savedshorteditor=\count396
\c@narrator=\count397
\c@savednarrator=\count398
\c@execproducer=\count399
\c@savedexecproducer=\count400
\c@execdirector=\count401
\c@savedexecdirector=\count402
\c@with=\count403
\c@savedwith=\count404
\c@labelname=\count405
\c@savedlabelname=\count406
\c@institution=\count407
\c@savedinstitution=\count408
\c@lista=\count409
\c@savedlista=\count410
\c@listb=\count411
\c@savedlistb=\count412
\c@listc=\count413
\c@savedlistc=\count414
\c@listd=\count415
\c@savedlistd=\count416
\c@liste=\count417
\c@savedliste=\count418
\c@listf=\count419
\c@savedlistf=\count420
\c@location=\count421
\c@savedlocation=\count422
\c@organization=\count423
\c@savedorganization=\count424
\c@origlocation=\count425
\c@savedoriglocation=\count426
\c@origpublisher=\count427
\c@savedorigpublisher=\count428
\c@publisher=\count429
\c@savedpublisher=\count430
\c@language=\count431
\c@savedlanguage=\count432
\c@origlanguage=\count433
\c@savedoriglanguage=\count434
\c@citation=\count435
\c@savedcitation=\count436
\c@pageref=\count437
\c@savedpageref=\count438
\shorthandwidth=\skip83
\shortjournalwidth=\skip84
\shortserieswidth=\skip85
\shorttitlewidth=\skip86
\shortauthorwidth=\skip87
\shorteditorwidth=\skip88
\locallabelnumberwidth=\skip89
\locallabelalphawidth=\skip90
\localshorthandwidth=\skip91
\localshortjournalwidth=\skip92
\localshortserieswidth=\skip93
\localshorttitlewidth=\skip94
\localshortauthorwidth=\skip95
\localshorteditorwidth=\skip96
Package biblatex Info: Trying to load compatibility code...
Package biblatex Info: ... file 'blx-compat.def' found.
 (/usr/local/texlive/2025basic/texmf-dist/tex/latex/biblatex/blx-compat.def
File: blx-compat.def 2025/07/10 v3.21 biblatex compatibility (PK/MW)
)
Package biblatex Info: Trying to load generic definitions...
Package biblatex Info: ... file 'biblatex.def' found.
 (/usr/local/texlive/2025basic/texmf-dist/tex/latex/biblatex/biblatex.def
File: biblatex.def 2025/07/10 v3.21 biblatex compatibility (PK/MW)
\c@textcitecount=\count439
\c@textcitetotal=\count440
\c@textcitemaxnames=\count441
\c@biburlbigbreakpenalty=\count442
\c@biburlbreakpenalty=\count443
\c@biburlnumpenalty=\count444
\c@biburlucpenalty=\count445
\c@biburllcpenalty=\count446
\biburlbigskip=\muskip19
\biburlnumskip=\muskip20
\biburlucskip=\muskip21
\biburllcskip=\muskip22
\c@smartand=\count447
)
Package biblatex Info: Trying to load bibliography style 'apa'...
Package biblatex Info: ... file 'apa.bbx' found.
 (/usr/local/texlive/2025basic/texmf-dist/tex/latex/biblatex-apa/apa.bbx
File: apa.bbx 2025/08/27 v9.20 APA biblatex references style
Package biblatex Info: Trying to load bibliography style 'standard'...
Package biblatex Info: ... file 'standard.bbx' found.
 (/usr/local/texlive/2025basic/texmf-dist/tex/latex/biblatex/bbx/standard.bbx
File: standard.bbx 2025/07/10 v3.21 biblatex bibliography style (PK/MW)
\c@bbx:relatedcount=\count448
\c@bbx:relatedtotal=\count449
)
Package biblatex Info: Delimiter 'nameyeardelim' in context 'bib' already defined, overwriting.
Package biblatex Info: Delimiter 'nameyeardelim' in context 'biblist' already defined, overwriting.
Package biblatex Info: Delimiter 'nonameyeardelim' in context 'bib' already defined, overwriting.
Package biblatex Info: Delimiter 'nonameyeardelim' in context 'biblist' already defined, overwriting.
)
Package biblatex Info: Trying to load citation style 'apa'...
Package biblatex Info: ... file 'apa.cbx' found.
 (/usr/local/texlive/2025basic/texmf-dist/tex/latex/biblatex-apa/apa.cbx
File: apa.cbx 2025/08/27 v9.20 APA biblatex citation style
Package biblatex Info: Delimiter 'nameyeardelim' in context '' already defined, overwriting.
Package biblatex Info: Delimiter 'andothersdelim' in context '' already defined, overwriting.
Package biblatex Info: Redefining '\fullcite'.
Package biblatex Info: Redefining '\citeauthor'.
Package biblatex Info: Redefining '\citeyear'.
Package biblatex Info: Redefining '\cite'.
Package biblatex Info: Redefining '\cites'.
Package biblatex Info: Redefining '\parencite'.
Package biblatex Info: Redefining '\parencites'.
Package biblatex Info: Redefining '\footcite'.
Package biblatex Info: Redefining '\footcites'.
Package biblatex Info: Redefining '\footcitetext'.
Package biblatex Info: Redefining '\footcitetexts'.
Package biblatex Info: Redefining '\smartcite'.
Package biblatex Info: Redefining '\smartcites'.
Package biblatex Info: Redefining '\textcite'.
Package biblatex Info: Redefining '\textcites'.
)
Package biblatex Info: Trying to load configuration file...
Package biblatex Info: ... file 'biblatex.cfg' found.
 (/usr/local/texlive/2025basic/texmf-dist/tex/latex/biblatex/biblatex.cfg
File: biblatex.cfg 
)
Package biblatex Info: Input encoding 'utf8' detected.
Package biblatex Info: Document encoding is UTF8 ....
 (/usr/local/texlive/2025basic/texmf-dist/tex/latex/l3kernel/expl3.sty
Package: expl3 2025-01-18 L3 programming layer (loader) 
 (/usr/local/texlive/2025basic/texmf-dist/tex/latex/l3backend/l3backend-pdftex.def
File: l3backend-pdftex.def 2024-05-08 L3 backend support: PDF output (pdfTeX)
\l__color_backend_stack_int=\count450
\l__pdf_internal_box=\box60
))
Package biblatex Info: ... and expl3
(biblatex)             2025-01-18 L3 programming layer (loader) 
(biblatex)             is new enough (at least 2020/04/06),
(biblatex)             setting 'casechanger=expl3'.
 (/usr/local/texlive/2025basic/texmf-dist/tex/latex/biblatex/blx-case-expl3.sty (/usr/local/texlive/2025basic/texmf-dist/tex/latex/l3packages/xparse/xparse.sty
Package: xparse 2024-08-16 L3 Experimental document command parser
)
Package: blx-case-expl3 2025/07/10 v3.21 expl3 case changing code for biblatex
))
Package csquotes Info: Checking for multilingual support...
Package csquotes Info: ... none found.
LaTeX Font Info:    Trying to load font information for OT1+ptm on input line 75.
 (/usr/local/texlive/2025basic/texmf-dist/tex/latex/psnfss/ot1ptm.fd
File: ot1ptm.fd 2001/06/04 font definitions for OT1/ptm.
) (./main.aux)
\openout1 = `main.aux'.

LaTeX Font Info:    Checking defaults for OML/cmm/m/it on input line 75.
LaTeX Font Info:    ... okay on input line 75.
LaTeX Font Info:    Checking defaults for OMS/cmsy/m/n on input line 75.
LaTeX Font Info:    ... okay on input line 75.
LaTeX Font Info:    Checking defaults for OT1/cmr/m/n on input line 75.
LaTeX Font Info:    ... okay on input line 75.
LaTeX Font Info:    Checking defaults for T1/cmr/m/n on input line 75.
LaTeX Font Info:    ... okay on input line 75.
LaTeX Font Info:    Checking defaults for TS1/cmr/m/n on input line 75.
LaTeX Font Info:    ... okay on input line 75.
LaTeX Font Info:    Checking defaults for OMX/cmex/m/n on input line 75.
LaTeX Font Info:    ... okay on input line 75.
LaTeX Font Info:    Checking defaults for U/cmr/m/n on input line 75.
LaTeX Font Info:    ... okay on input line 75.
LaTeX Font Info:    Checking defaults for PD1/pdf/m/n on input line 75.
LaTeX Font Info:    ... okay on input line 75.
LaTeX Font Info:    Checking defaults for PU/pdf/m/n on input line 75.
LaTeX Font Info:    ... okay on input line 75.
 (/usr/local/texlive/2025basic/texmf-dist/tex/context/base/mkii/supp-pdf.mkii
[Loading MPS to PDF converter (version 2006.09.02).]
\scratchcounter=\count451
\scratchdimen=\dimen188
\scratchbox=\box61
\nofMPsegments=\count452
\nofMParguments=\count453
\everyMPshowfont=\toks32
\MPscratchCnt=\count454
\MPscratchDim=\dimen189
\MPnumerator=\count455
\makeMPintoPDFobject=\count456
\everyMPtoPDFconversion=\toks33
) (/usr/local/texlive/2025basic/texmf-dist/tex/latex/epstopdf-pkg/epstopdf-base.sty
Package: epstopdf-base 2020-01-24 v2.11 Base part for package epstopdf
Package epstopdf-base Info: Redefining graphics rule for `.eps' on input line 485.
 (/usr/local/texlive/2025basic/texmf-dist/tex/latex/latexconfig/epstopdf-sys.cfg
File: epstopdf-sys.cfg 2010/07/13 v1.3 Configuration of (r)epstopdf for TeX Live
))
*geometry* driver: auto-detecting
*geometry* detected driver: pdftex
*geometry* verbose mode - [ preamble ] result:
* driver: pdftex
* paper: letterpaper
* layout: <same size as paper>
* layoutoffset:(h,v)=(0.0pt,0.0pt)
* modes: 
* h-part:(L,W,R)=(108.40492pt, 433.62027pt, 72.2698pt)
* v-part:(T,H,B)=(72.2698pt, 650.43037pt, 72.2698pt)
* \paperwidth=614.295pt
* \paperheight=794.96999pt
* \textwidth=433.62027pt
* \textheight=650.43037pt
* \oddsidemargin=36.13493pt
* \evensidemargin=36.13493pt
* \topmargin=-37.00018pt
* \headheight=12.0pt
* \headsep=25.0pt
* \topskip=12.0pt
* \footskip=36.13512pt
* \marginparwidth=44.0pt
* \marginparsep=10.0pt
* \columnsep=10.0pt
* \skip\footins=10.8pt plus 4.0pt minus 2.0pt
* \hoffset=0.0pt
* \voffset=0.0pt
* \mag=1000
* \@twocolumnfalse
* \@twosidefalse
* \@mparswitchfalse
* \@reversemarginfalse
* (1in=72.27pt=25.4mm, 1cm=28.453pt)

Package hyperref Info: Link coloring OFF on input line 75.
(./main.out) (./main.out)
\@outlinefile=\write4
\openout4 = `main.out'.

Package csquotes Info: Making character " active on input line 75.
Package caption Info: Begin \AtBeginDocument code.
Package caption Info: End \AtBeginDocument code.
Package biblatex Info: Trying to load language 'english' -> 'english-apa'...
Package biblatex Info: ... file 'english-apa.lbx' found.
 (/usr/local/texlive/2025basic/texmf-dist/tex/latex/biblatex-apa/english-apa.lbx
File: english-apa.lbx 2025/08/27 v9.20 APA biblatex localisation
Package biblatex Info: Trying to load language 'english'...
Package biblatex Info: ... file 'english.lbx' found.
 (/usr/local/texlive/2025basic/texmf-dist/tex/latex/biblatex/lbx/english.lbx
File: english.lbx 2025/07/10 v3.21 biblatex localization (PK/MW)
)
Package biblatex Info: Trying to load language 'american' -> 'american-apa'...
Package biblatex Info: ... file 'american-apa.lbx' found.
 (/usr/local/texlive/2025basic/texmf-dist/tex/latex/biblatex-apa/american-apa.lbx
File: american-apa.lbx 2025/08/27 v9.20 APA biblatex localisation
Package biblatex Info: Trying to load language 'american'...
Package biblatex Info: ... file 'american.lbx' found.
 (/usr/local/texlive/2025basic/texmf-dist/tex/latex/biblatex/lbx/american.lbx
File: american.lbx 2025/07/10 v3.21 biblatex localization (PK/MW)
Package biblatex Info: Trying to load language 'english'...
Package biblatex Info: ... file 'english.lbx' found.
 (/usr/local/texlive/2025basic/texmf-dist/tex/latex/biblatex/lbx/english.lbx
File: english.lbx 2025/07/10 v3.21 biblatex localization (PK/MW)
))))
Package biblatex Info: Input encoding 'utf8' detected.
Package biblatex Info: Automatic encoding selection.
(biblatex)             Assuming data encoding 'utf8'.
\openout3 = `main.bcf'.

Package biblatex Info: Trying to load bibliographic data...
Package biblatex Info: ... file 'main.bbl' found.
 (./main.bbl)
Package biblatex Info: Reference section=0 on input line 75.
Package biblatex Info: Reference segment=0 on input line 75.
LaTeX Font Info:    Trying to load font information for TS1+ptm on input line 124.
 (/usr/local/texlive/2025basic/texmf-dist/tex/latex/psnfss/ts1ptm.fd
File: ts1ptm.fd 2001/06/04 font definitions for TS1/ptm.
)

[1

{/usr/local/texlive/2025basic/texmf-var/fonts/map/pdftex/updmap/pdftex.map}{/usr/local/texlive/2025basic/texmf-dist/fonts/enc/dvips/base/8r.enc}]

[2]
LaTeX Font Info:    Trying to load font information for OT1+ztmcm on input line 160.
 (/usr/local/texlive/2025basic/texmf-dist/tex/latex/psnfss/ot1ztmcm.fd
File: ot1ztmcm.fd 2000/01/03 Fontinst v1.801 font definitions for OT1/ztmcm.
)
LaTeX Font Info:    Trying to load font information for OML+ztmcm on input line 160.
 (/usr/local/texlive/2025basic/texmf-dist/tex/latex/psnfss/omlztmcm.fd
File: omlztmcm.fd 2000/01/03 Fontinst v1.801 font definitions for OML/ztmcm.
)
LaTeX Font Info:    Trying to load font information for OMS+ztmcm on input line 160.
 (/usr/local/texlive/2025basic/texmf-dist/tex/latex/psnfss/omsztmcm.fd
File: omsztmcm.fd 2000/01/03 Fontinst v1.801 font definitions for OMS/ztmcm.
)
LaTeX Font Info:    Trying to load font information for OMX+ztmcm on input line 160.
 (/usr/local/texlive/2025basic/texmf-dist/tex/latex/psnfss/omxztmcm.fd
File: omxztmcm.fd 2000/01/03 Fontinst v1.801 font definitions for OMX/ztmcm.
)
LaTeX Font Info:    Font shape `OT1/ptm/bx/n' in size <12> not available
(Font)              Font shape `OT1/ptm/b/n' tried instead on input line 160.
LaTeX Font Info:    Font shape `OT1/ptm/bx/n' in size <9> not available
(Font)              Font shape `OT1/ptm/b/n' tried instead on input line 160.
LaTeX Font Info:    Font shape `OT1/ptm/bx/n' in size <7> not available
(Font)              Font shape `OT1/ptm/b/n' tried instead on input line 160.


[3]

[4] (./main.toc

[5

]

[6]

[7])
\tf@toc=\write5
\openout5 = `main.toc'.



[8] (./main.lof)
\tf@lof=\write6
\openout6 = `main.lof'.



[9


] (./main.lot)
\tf@lot=\write7
\openout7 = `main.lot'.



[10


]

[1

]

[2]

[3]

[4]

[5]

[6]

[7]

[8]

[9]

[10]

[11]
<conceptual-framework.jpg, id=731, 1691.31876pt x 595.22375pt>
File: conceptual-framework.jpg Graphic file (type jpg)
<use conceptual-framework.jpg>
Package pdftex.def Info: conceptual-framework.jpg  used on input line 675.
(pdftex.def)             Requested size: 433.62027pt x 152.602pt.


[12]

[13 <./conceptual-framework.jpg>]

[14]

[15]

[16

]

[17]

[18]

[19]

[20]

[21]

[22]

[23]

[24]

[25]

[26]

[27]

[28]

[29]

[30]

[31

]
<architecture.jpg, id=899, 895.345pt x 1124.2pt>
File: architecture.jpg Graphic file (type jpg)
<use architecture.jpg>
Package pdftex.def Info: architecture.jpg  used on input line 1268.
(pdftex.def)             Requested size: 433.62027pt x 544.46443pt.
<activity.jpg, id=901, 2030.58624pt x 1983.41pt>
File: activity.jpg Graphic file (type jpg)
<use activity.jpg>
Package pdftex.def Info: activity.jpg  used on input line 1293.
(pdftex.def)             Requested size: 433.62027pt x 423.54973pt.


[32]

[33 <./architecture.jpg>]

[34 <./activity.jpg>]
<use-case.png, id=915, 433.62pt x 389.455pt>
File: use-case.png Graphic file (type png)
<use use-case.png>
Package pdftex.def Info: use-case.png  used on input line 1311.
(pdftex.def)             Requested size: 433.62027pt x 389.4778pt.


[35 <./use-case.png>]
<component.png, id=923, 385.44pt x 64.24pt>
File: component.png Graphic file (type png)
<use component.png>
Package pdftex.def Info: component.png  used on input line 1326.
(pdftex.def)             Requested size: 433.62027pt x 72.2698pt.
<deployment.png, id=924, 433.62pt x 67.25125pt>
File: deployment.png Graphic file (type png)
<use deployment.png>
Package pdftex.def Info: deployment.png  used on input line 1340.
(pdftex.def)             Requested size: 433.62027pt x 67.25517pt.


[36 <./component.png> <./deployment.png>]

[37]

[38]

[39]

[40]

[41]

[42]

[43]

[44]

[45]

[46]

[47]
<cnn.png, id=1005, 433.62pt x 128.4435pt>
File: cnn.png Graphic file (type png)
<use cnn.png>
Package pdftex.def Info: cnn.png  used on input line 1726.
(pdftex.def)             Requested size: 433.62027pt x 128.451pt.


[48 <./cnn.png>]

[49]

[50]

[51]
<iso.png, id=1036, 433.62pt x 142.5325pt>
File: iso.png Graphic file (type png)
<use iso.png>
Package pdftex.def Info: iso.png  used on input line 1865.
(pdftex.def)             Requested size: 433.62027pt x 142.54083pt.


[52]

[53 <./iso.png>]

[54]

[55]

[56]
pdfTeX warning (ext4): destination with the same identifier (name{equation.1}) has been already used, duplicate ignored
<to be read again> 
                   \relax 
l.2005       \begin{equation}
                             
pdfTeX warning (ext4): destination with the same identifier (name{equation.1}) has been already used, duplicate ignored
<to be read again> 
                   \relax 
l.2005       \begin{equation}
                             
pdfTeX warning (ext4): destination with the same identifier (name{equation.1}) has been already used, duplicate ignored
<to be read again> 
                   \relax 
l.2005       \begin{equation}
                             
pdfTeX warning (ext4): destination with the same identifier (name{equation.1}) has been already used, duplicate ignored
<to be read again> 
                   \relax 
l.2005       \begin{equation}
                             
pdfTeX warning (ext4): destination with the same identifier (name{equation.1}) has been already used, duplicate ignored
<to be read again> 
                   \relax 
l.2023       \begin{equation}
                             
pdfTeX warning (ext4): destination with the same identifier (name{equation.1}) has been already used, duplicate ignored
<to be read again> 
                   \relax 
l.2023       \begin{equation}
                             
pdfTeX warning (ext4): destination with the same identifier (name{equation.1}) has been already used, duplicate ignored
<to be read again> 
                   \relax 
l.2023       \begin{equation}
                             
pdfTeX warning (ext4): destination with the same identifier (name{equation.1}) has been already used, duplicate ignored
<to be read again> 
                   \relax 
l.2023       \begin{equation}
                             

[57]

[58]

[59]
pdfTeX warning (ext4): destination with the same identifier (name{equation.1}) has been already used, duplicate ignored
<to be read again> 
                   \relax 
l.2140       \begin{equation}
                             
pdfTeX warning (ext4): destination with the same identifier (name{equation.1}) has been already used, duplicate ignored
<to be read again> 
                   \relax 
l.2140       \begin{equation}
                             
pdfTeX warning (ext4): destination with the same identifier (name{equation.1}) has been already used, duplicate ignored
<to be read again> 
                   \relax 
l.2140       \begin{equation}
                             
pdfTeX warning (ext4): destination with the same identifier (name{equation.1}) has been already used, duplicate ignored
<to be read again> 
                   \relax 
l.2140       \begin{equation}
                             
pdfTeX warning (ext4): destination with the same identifier (name{equation.1}) has been already used, duplicate ignored
<to be read again> 
                   \relax 
l.2158       \begin{equation}
                             
pdfTeX warning (ext4): destination with the same identifier (name{equation.1}) has been already used, duplicate ignored
<to be read again> 
                   \relax 
l.2158       \begin{equation}
                             
pdfTeX warning (ext4): destination with the same identifier (name{equation.1}) has been already used, duplicate ignored
<to be read again> 
                   \relax 
l.2158       \begin{equation}
                             
pdfTeX warning (ext4): destination with the same identifier (name{equation.1}) has been already used, duplicate ignored
<to be read again> 
                   \relax 
l.2158       \begin{equation}
                             

[60]
pdfTeX warning (ext4): destination with the same identifier (name{equation.1}) has been already used, duplicate ignored
<to be read again> 
                   \relax 
l.2183       \begin{equation}
                             
pdfTeX warning (ext4): destination with the same identifier (name{equation.1}) has been already used, duplicate ignored
<to be read again> 
                   \relax 
l.2183       \begin{equation}
                             
pdfTeX warning (ext4): destination with the same identifier (name{equation.1}) has been already used, duplicate ignored
<to be read again> 
                   \relax 
l.2183       \begin{equation}
                             
pdfTeX warning (ext4): destination with the same identifier (name{equation.1}) has been already used, duplicate ignored
<to be read again> 
                   \relax 
l.2183       \begin{equation}
                             

[61]

[62] (/usr/local/texlive/2025basic/texmf-dist/tex/latex/psnfss/omsptm.fd)

[63

]

[64]

[65]

[66]

[67]

[68]

[69]
<plots-new/figA2_loss_curves.png, id=1163, 930.1149pt x 381.8265pt>
File: plots-new/figA2_loss_curves.png Graphic file (type png)
<use plots-new/figA2_loss_curves.png>
Package pdftex.def Info: plots-new/figA2_loss_curves.png  used on input line 2552.
(pdftex.def)             Requested size: 433.62027pt x 178.00775pt.


[70 <./plots-new/figA2_loss_curves.png>]

[71]

[72]

[73]
<plots-new/fig4_9_boxplot_by_province.png, id=1187, 713.064pt x 498.1812pt>
File: plots-new/fig4_9_boxplot_by_province.png Graphic file (type png)
<use plots-new/fig4_9_boxplot_by_province.png>
Package pdftex.def Info: plots-new/fig4_9_boxplot_by_province.png  used on input line 2673.
(pdftex.def)             Requested size: 433.62027pt x 302.95508pt.
<plots-new/fig4_2_predicted_vs_observed.png, id=1188, 436.2699pt x 450.483pt>
File: plots-new/fig4_2_predicted_vs_observed.png Graphic file (type png)
<use plots-new/fig4_2_predicted_vs_observed.png>
Package pdftex.def Info: plots-new/fig4_2_predicted_vs_observed.png  used on input line 2685.
(pdftex.def)             Requested size: 433.62027pt x 447.75986pt.


[74 <./plots-new/fig4_9_boxplot_by_province.png>]

[75 <./plots-new/fig4_2_predicted_vs_observed.png>]

[76]

[77]

[78]

[79]

[80]

[81]

[82]
<plots-new/fig4_6_shap_category.png, id=1239, 795.9336pt x 529.98pt>
File: plots-new/fig4_6_shap_category.png Graphic file (type png)
<use plots-new/fig4_6_shap_category.png>
Package pdftex.def Info: plots-new/fig4_6_shap_category.png  used on input line 2965.
(pdftex.def)             Requested size: 433.62027pt x 288.73227pt.
<plots-new/fig4_5_shap_importance.png, id=1240, 641.2758pt x 568.7649pt>
File: plots-new/fig4_5_shap_importance.png Graphic file (type png)
<use plots-new/fig4_5_shap_importance.png>
Package pdftex.def Info: plots-new/fig4_5_shap_importance.png  used on input line 2978.
(pdftex.def)             Requested size: 433.62027pt x 384.6027pt.


[83 <./plots-new/fig4_6_shap_category.png>]

[84 <./plots-new/fig4_5_shap_importance.png>]

[85]

[86]
<plots-new/fig4_4_osm_correlations.png, id=1263, 1074.414pt x 579.3645pt>
File: plots-new/fig4_4_osm_correlations.png Graphic file (type png)
<use plots-new/fig4_4_osm_correlations.png>
Package pdftex.def Info: plots-new/fig4_4_osm_correlations.png  used on input line 3115.
(pdftex.def)             Requested size: 433.62027pt x 233.81918pt.


[87 <./plots-new/fig4_4_osm_correlations.png>]
<plots-new/figB4_shap_dependence.png, id=1270, 846.5226pt x 544.434pt>
File: plots-new/figB4_shap_dependence.png Graphic file (type png)
<use plots-new/figB4_shap_dependence.png>
Package pdftex.def Info: plots-new/figB4_shap_dependence.png  used on input line 3160.
(pdftex.def)             Requested size: 433.62027pt x 278.87885pt.


[88]

[89 <./plots-new/figB4_shap_dependence.png>]

[90]

[91]
Overfull \hbox (0.67691pt too wide) in paragraph at lines 3262--3262
 []|\OT1/ptm/b/n/12 Policymakers 
 []


Overfull \hbox (1.7618pt too wide) in paragraph at lines 3262--3262
 []|\OT1/ptm/b/n/12 Economists| 
 []


Overfull \hbox (1.8513pt too wide) in paragraph at lines 3262--3262
\OT1/ptm/b/n/12 In-ter-pre-ta-tion|  
 []


LaTeX Warning: Float too large for page by 21.71942pt on input line 3266.



[92]

[93]

[94]
Overfull \hbox (0.67691pt too wide) in paragraph at lines 3329--3329
 []|\OT1/ptm/b/n/12 Policymakers 
 []


Overfull \hbox (1.7618pt too wide) in paragraph at lines 3329--3329
 []|\OT1/ptm/b/n/12 Economists| 
 []


Overfull \hbox (1.8513pt too wide) in paragraph at lines 3329--3329
\OT1/ptm/b/n/12 In-ter-pre-ta-tion|  
 []



[95]

[96]

[97]

[98]

[99]
Overfull \hbox (0.67691pt too wide) in paragraph at lines 3462--3462
 []|\OT1/ptm/b/n/12 Policymakers 
 []


Overfull \hbox (1.7618pt too wide) in paragraph at lines 3462--3462
 []|\OT1/ptm/b/n/12 Economists| 
 []


Overfull \hbox (1.8513pt too wide) in paragraph at lines 3462--3462
\OT1/ptm/b/n/12 In-ter-pre-ta-tion|  
 []



[100]

[101]

[102]
Overfull \hbox (0.67691pt too wide) in paragraph at lines 3525--3525
 []|\OT1/ptm/b/n/12 Policymakers 
 []


Overfull \hbox (1.7618pt too wide) in paragraph at lines 3525--3525
 []|\OT1/ptm/b/n/12 Economists| 
 []


Overfull \hbox (1.8513pt too wide) in paragraph at lines 3525--3525
\OT1/ptm/b/n/12 In-ter-pre-ta-tion|  
 []


Overfull \hbox (13.39238pt too wide) in paragraph at lines 3525--3525
\OT1/ptm/m/n/12 mis-in-ter-pre-ta-tion 
 []



[103]

[104]

[105]
Overfull \hbox (4.70473pt too wide) in paragraph at lines 3595--3595
\OT1/ptm/b/n/12 Char-ac-ter-is-tic|  
 []


Overfull \hbox (0.67691pt too wide) in paragraph at lines 3595--3595
 []|\OT1/ptm/b/n/12 Policymakers 
 []


Overfull \hbox (1.7618pt too wide) in paragraph at lines 3595--3595
 []|\OT1/ptm/b/n/12 Economists| 
 []


Overfull \hbox (1.8513pt too wide) in paragraph at lines 3595--3595
\OT1/ptm/b/n/12 In-ter-pre-ta-tion|  
 []


Overfull \hbox (3.38458pt too wide) in paragraph at lines 3595--3595
\OT1/ptm/m/n/12 In-ter-pretabil-ity|  
 []



[106]

[107]
<webapp-screenshot1.png, id=1364, 3300.33pt x 1917.1625pt>
File: webapp-screenshot1.png Graphic file (type png)
<use webapp-screenshot1.png>
Package pdftex.def Info: webapp-screenshot1.png  used on input line 3623.
(pdftex.def)             Requested size: 390.25558pt x 226.68542pt.
<webapp-screenshot.png, id=1365, 3300.33pt x 1917.1625pt>
File: webapp-screenshot.png Graphic file (type png)
<use webapp-screenshot.png>
Package pdftex.def Info: webapp-screenshot.png  used on input line 3637.
(pdftex.def)             Requested size: 390.25558pt x 226.68542pt.


[108]

[109 <./webapp-screenshot1.png> <./webapp-screenshot.png>]

[110

]

[111]

[112]

[113]

[114]

[115]

[116]

[117

]

[118]

[119]

[120]

[121]

[122]

[123]

[124]

[125]

[126]

[127]

[128]

[129]

[130]

[131

]

[132]

[133]

[134]

[135]

[136]
<appendices/a/image1.png, id=1539, 408.77719pt x 525.46312pt>
File: appendices/a/image1.png Graphic file (type png)
<use appendices/a/image1.png>
Package pdftex.def Info: appendices/a/image1.png  used on input line 4235.
(pdftex.def)             Requested size: 208.13586pt x 267.54968pt.
<appendices/a/image8.png, id=1540, 402.75468pt x 510.40688pt>
File: appendices/a/image8.png Graphic file (type png)
<use appendices/a/image8.png>
Package pdftex.def Info: appendices/a/image8.png  used on input line 4236.
(pdftex.def)             Requested size: 208.13586pt x 263.76979pt.
<appendices/a/image6.png, id=1541, 425.33907pt x 499.8675pt>
File: appendices/a/image6.png Graphic file (type png)
<use appendices/a/image6.png>
Package pdftex.def Info: appendices/a/image6.png  used on input line 4241.
(pdftex.def)             Requested size: 208.13586pt x 244.60924pt.
<appendices/a/image13.png, id=1542, 421.575pt x 511.9125pt>
File: appendices/a/image13.png Graphic file (type png)
<use appendices/a/image13.png>
Package pdftex.def Info: appendices/a/image13.png  used on input line 4242.
(pdftex.def)             Requested size: 208.13586pt x 252.73743pt.


[137 <./appendices/a/image1.png> <./appendices/a/image8.png>]

[138 <./appendices/a/image6.png> <./appendices/a/image13.png>]
<appendices/b/image29.png, id=1555, 447.17062pt x 628.59843pt>
File: appendices/b/image29.png Graphic file (type png)
<use appendices/b/image29.png>
Package pdftex.def Info: appendices/b/image29.png  used on input line 4263.
(pdftex.def)             Requested size: 216.81013pt x 304.78354pt.
<appendices/b/image33.png, id=1556, 661.72218pt x 484.05844pt>
File: appendices/b/image33.png Graphic file (type png)
<use appendices/b/image33.png>
Package pdftex.def Info: appendices/b/image33.png  used on input line 4265.
(pdftex.def)             Requested size: 216.81013pt x 158.59492pt.


[139 <./appendices/b/image29.png> <./appendices/b/image33.png>]
<appendices/c/image9.png, id=1563, 456.20438pt x 699.36281pt>
File: appendices/c/image9.png Graphic file (type png)
<use appendices/c/image9.png>
Package pdftex.def Info: appendices/c/image9.png  used on input line 4284.
(pdftex.def)             Requested size: 208.13586pt x 319.06429pt.
<appendices/c/image35.png, id=1564, 395.97937pt x 654.94687pt>
File: appendices/c/image35.png Graphic file (type png)
<use appendices/c/image35.png>
Package pdftex.def Info: appendices/c/image35.png  used on input line 4285.
(pdftex.def)             Requested size: 208.13586pt x 344.26201pt.
<appendices/c/image24.png, id=1565, 441.14813pt x 568.37344pt>
File: appendices/c/image24.png Graphic file (type png)
<use appendices/c/image24.png>
Package pdftex.def Info: appendices/c/image24.png  used on input line 4290.
(pdftex.def)             Requested size: 208.13586pt x 268.15892pt.
<appendices/c/image21.png, id=1566, 403.5075pt x 703.87968pt>
File: appendices/c/image21.png Graphic file (type png)
<use appendices/c/image21.png>
Package pdftex.def Info: appendices/c/image21.png  used on input line 4291.
(pdftex.def)             Requested size: 208.13586pt x 363.07669pt.


[140 <./appendices/c/image9.png> <./appendices/c/image35.png>]
<appendices/c/image19.png, id=1574, 421.575pt x 390.70969pt>
File: appendices/c/image19.png Graphic file (type png)
<use appendices/c/image19.png>
Package pdftex.def Info: appendices/c/image19.png  used on input line 4294.
(pdftex.def)             Requested size: 208.13586pt x 192.89812pt.
<appendices/c/image38.png, id=1575, 417.81094pt x 603.0028pt>
File: appendices/c/image38.png Graphic file (type png)
<use appendices/c/image38.png>
Package pdftex.def Info: appendices/c/image38.png  used on input line 4295.
(pdftex.def)             Requested size: 208.13586pt x 300.39653pt.


[141 <./appendices/c/image24.png> <./appendices/c/image21.png>]
<appendices/c/image5.png, id=1583, 265.74281pt x 564.60938pt>
File: appendices/c/image5.png Graphic file (type png)
<use appendices/c/image5.png>
Package pdftex.def Info: appendices/c/image5.png  used on input line 4298.
(pdftex.def)             Requested size: 208.13586pt x 442.21996pt.
<appendices/c/image31.png, id=1584, 274.02374pt x 353.82187pt>
File: appendices/c/image31.png Graphic file (type png)
<use appendices/c/image31.png>
Package pdftex.def Info: appendices/c/image31.png  used on input line 4299.
(pdftex.def)             Requested size: 208.13586pt x 268.75084pt.


[142 <./appendices/c/image19.png> <./appendices/c/image38.png>]
<appendices/c/image18.png, id=1591, 271.76532pt x 446.41782pt>
File: appendices/c/image18.png Graphic file (type png)
<use appendices/c/image18.png>
Package pdftex.def Info: appendices/c/image18.png  used on input line 4302.
(pdftex.def)             Requested size: 208.13586pt x 341.9104pt.
<appendices/c/image17.png, id=1592, 273.27094pt x 293.59688pt>
File: appendices/c/image17.png Graphic file (type png)
<use appendices/c/image17.png>
Package pdftex.def Info: appendices/c/image17.png  used on input line 4303.
(pdftex.def)             Requested size: 208.13586pt x 223.61977pt.


[143 <./appendices/c/image5.png> <./appendices/c/image31.png>]
<appendices/c/image27.png, id=1599, 261.22594pt x 446.41782pt>
File: appendices/c/image27.png Graphic file (type png)
<use appendices/c/image27.png>
Package pdftex.def Info: appendices/c/image27.png  used on input line 4306.
(pdftex.def)             Requested size: 208.13586pt x 355.69745pt.
<appendices/c/image30.png, id=1600, 266.49562pt x 231.11343pt>
File: appendices/c/image30.png Graphic file (type png)
<use appendices/c/image30.png>
Package pdftex.def Info: appendices/c/image30.png  used on input line 4307.
(pdftex.def)             Requested size: 208.13586pt x 180.50755pt.


[144 <./appendices/c/image18.png> <./appendices/c/image17.png>]

[145 <./appendices/c/image27.png> <./appendices/c/image30.png>]
<appendices/d/image37.png, id=1613, 1006.51031pt x 531.48563pt>
File: appendices/d/image37.png Graphic file (type png)
<use appendices/d/image37.png>
Package pdftex.def Info: appendices/d/image37.png  used on input line 4326.
(pdftex.def)             Requested size: 346.89754pt x 183.17621pt.
<appendices/d/image26.png, id=1614, 774.64406pt x 489.32813pt>
File: appendices/d/image26.png Graphic file (type png)
<use appendices/d/image26.png>
Package pdftex.def Info: appendices/d/image26.png  used on input line 4327.
(pdftex.def)             Requested size: 346.89754pt x 219.1279pt.
<appendices/d/image15.png, id=1615, 685.05937pt x 471.26062pt>
File: appendices/d/image15.png Graphic file (type png)
<use appendices/d/image15.png>
Package pdftex.def Info: appendices/d/image15.png  used on input line 4332.
(pdftex.def)             Requested size: 346.89754pt x 238.6427pt.
<appendices/d/image23.png, id=1616, 952.30782pt x 474.27188pt>
File: appendices/d/image23.png Graphic file (type png)
<use appendices/d/image23.png>
Package pdftex.def Info: appendices/d/image23.png  used on input line 4333.
(pdftex.def)             Requested size: 346.89754pt x 172.76404pt.


[146 <./appendices/d/image37.png> <./appendices/d/image26.png>]

[147 <./appendices/d/image15.png> <./appendices/d/image23.png>] (./main.aux)
 ***********
LaTeX2e <2024-11-01> patch level 2
L3 programming layer <2025-01-18>
 ***********
Package rerunfilecheck Info: File `main.out' has not changed.
(rerunfilecheck)             Checksum: A8C8E7720EAB673CB503042E1D249638;23882.
Package logreq Info: Writing requests to 'main.run.xml'.
\openout1 = `main.run.xml'.

 ) 
Here is how much of TeX's memory you used:
 22653 strings out of 474662
 405159 string characters out of 5751110
 1335965 words of memory out of 5000000
 45010 multiletter control sequences out of 15000+600000
 592125 words of font info for 105 fonts, out of 8000000 for 9000
 319 hyphenation exceptions out of 8191
 75i,12n,101p,1432b,5052s stack positions out of 10000i,1000n,20000p,200000b,200000s
 </Users/ruben/Library/texlive/2025basic/texmf-var/fonts/pk/ljfour/jknappen/ec/tctt1200.600pk></usr/local/texlive/2025basic/texmf-dist/fonts/type1/public/amsfonts/cm/cmex10.pfb></usr/local/texlive/2025basic/texmf-dist/fonts/type1/public/amsfonts/cm/cmmi10.pfb></usr/local/texlive/2025basic/texmf-dist/fonts/type1/public/amsfonts/cm/cmr10.pfb></usr/local/texlive/2025basic/texmf-dist/fonts/type1/public/amsfonts/cm/cmsy10.pfb></usr/local/texlive/2025basic/texmf-dist/fonts/type1/public/amsfonts/cm/cmtt12.pfb></usr/local/texlive/2025basic/texmf-dist/fonts/type1/urw/symbol/usyr.pfb></usr/local/texlive/2025basic/texmf-dist/fonts/type1/urw/symbol/usyr.pfb></usr/local/texlive/2025basic/texmf-dist/fonts/type1/urw/times/utmb8a.pfb></usr/local/texlive/2025basic/texmf-dist/fonts/type1/urw/times/utmr8a.pfb></usr/local/texlive/2025basic/texmf-dist/fonts/type1/urw/times/utmri8a.pfb>
Output written on main.pdf (157 pages, 15530980 bytes).
PDF statistics:
 1770 PDF objects out of 2073 (max. 8388607)
 1487 compressed objects within 15 object streams
 404 named destinations out of 1000 (max. 500000)
 1052 words of extra memory for PDF output out of 10000 (max. 10000000)

